
### 关于交换空间

- Linux 系统中的交换空间在物理内存被使用完时使用。如果系统需要更多的内存资源，而物理内存已经用完，内存中不活跃的页就会被转移到交换空间中。
- 虽然交换空间可以为带有少量内存的计算机提供帮助，但这种方法应该被当作对内存的替代。
- 交换空间可以通过添加一个交换分区(推荐优先使用)或添加一个交换文件的方式来实现。
- 交换空间的总大小一般为计算机物理内存的 1~2 倍左右，物理内存越大，这个倍数越小。

### 当前系统环境

如下:
```s
	Disk /dev/sdb: 21.5 GB, 21474836480 bytes
	64 heads, 2 sectors/track, 327680 cylinders, total 41943040 sectors
	Units = sectors of 1 * 512 = 512 bytes
	Sector size (logical/physical): 512 bytes / 512 bytes
	I/O size (minimum/optimal): 512 bytes / 512 bytes
	Disk identifier: 0x3b9af01c

	   Device Boot      Start         End      Blocks   Id  System
	/dev/sdb1            2048     1000000      498976+  83  Linux

	Disk /dev/sda: 53.7 GB, 53687091200 bytes
	255 heads, 63 sectors/track, 6527 cylinders, total 104857600 sectors
	Units = sectors of 1 * 512 = 512 bytes
	Sector size (logical/physical): 512 bytes / 512 bytes
	I/O size (minimum/optimal): 512 bytes / 512 bytes
	Disk identifier: 0x0002777f

	   Device Boot      Start         End      Blocks   Id  System
	/dev/sda1   *        2048   102762495    51380224   83  Linux
	/dev/sda4       102762496   104857599     1047552    5  Extended
	/dev/sda5       102764544   104857599     1046528   82  Linux swap / Solaris
```

当前系统环境中已经存在了一个交换分区 /dev/sda5, 通过下列命令可以查看是否启用:
```s
	root@ubuntu:~# cat /proc/swaps 
	Filename                                Type            Size    Used    Priority
	/dev/sda5                               partition       1045500 0       -1
```
已经启用。
下面在 /dev/sdb 磁盘上创建一个分区并作为交换分区使用。

### 使用交换分区 swap

### 添加交换分区

- 创建新的磁盘分区
- 使用 mkswap 命令可以用来将磁盘分区或将文件设置为 Linux 系统的交换分区。
  ```s
	  mkswap /dev/sda6
  ```
