
## 当前环境(VM 虚拟机 ubuntu 14.04)挂载信息
- 以当前系统为例，其分区列表如下:
  ```shell
    Disk /dev/sdb: 21.5 GB, 21474836480 bytes
    64 heads, 2 sectors/track, 327680 cylinders, total 41943040 sectors
    Units = sectors of 1 * 512 = 512 bytes
    Sector size (logical/physical): 512 bytes / 512 bytes
    I/O size (minimum/optimal): 512 bytes / 512 bytes
    Disk identifier: 0x3b9af01c

       Device Boot      Start         End      Blocks   Id  System
    /dev/sdb1            2048     1000000      498976+  83  Linux

    Disk /dev/sda: 53.7 GB, 53687091200 bytes
    255 heads, 63 sectors/track, 6527 cylinders, total 104857600 sectors
    Units = sectors of 1 * 512 = 512 bytes
    Sector size (logical/physical): 512 bytes / 512 bytes
    I/O size (minimum/optimal): 512 bytes / 512 bytes
    Disk identifier: 0x0002777f

       Device Boot      Start         End      Blocks   Id  System
    /dev/sda1   *        2048   102762495    51380224   83  Linux
    /dev/sda4       102762496   104857599     1047552    5  Extended
    /dev/sda5       102764544   104857599     1046528   82  Linux swap / Solaris
  ```
  对应的 UUID 如下:
  ```shell
    lrwxrwxrwx 1 root root 10 Jan 20 17:37 15f75199-ba75-47a9-9bd8-06e3c8f30b63 -> ../../sdb1
    lrwxrwxrwx 1 root root 10 Jan 20 17:37 5b9a3864-98fd-4ad1-b9bc-c4524b6093be -> ../../sda1
    lrwxrwxrwx 1 root root 10 Jan 20 17:37 a352132d-d989-4d82-900c-f154504aa5db -> ../../sda5
  ```
  扩展分区(System=Extended)是没有 UUID 的，磁盘分区中只有 /dev/sda1、/dev/sda5、
  /dev/sdb1 具有 UUID。
- /etc/fstab 包含了本系统开机自动挂载的磁盘分区以及存储设备的信息，其内容格式如下：
  ```shell
    # /etc/fstab: static file system information.
    #
    # Use 'blkid' to print the universally unique identifier for a
    # device; this may be used with UUID= as a more robust way to name devices
    # that works even if disks are added and removed. See fstab(5).
    #
    # <file system> <mount point>   <type>  <options>       <dump>  <pass>
    # / was on /dev/sda1 during installation
    UUID=5b9a3864-98fd-4ad1-b9bc-c4524b6093be /               ext4    errors=remount-ro 0       1
    # swap was on /dev/sda5 during installation
    UUID=a352132d-d989-4d82-900c-f154504aa5db none            swap    sw              0       0
    /dev/fd0        /media/floppy0  auto    rw,user,noauto,exec,utf8 0       0
  ```
  结构格式列说明(共六列):

| 列数 | 示例    |  说明  |
|:----:|:-------:|:------:|
| 第一列 | /dev/fd0 | 设备，可以使用设备名或 UUID 来指定 |
| 第二列 | /media/floppy0 | 挂载目录 |
| 第三列 | auto | 文件系统类型，默认选项 auto, 表示设备会在系统启动时自动挂载 |
| 第四列 | rw,user,noauto,exec,utf8 | 挂载选项 |
| 第五列 | 0 | 转储选项，0 表示不作转储 |
| 第六列 | 0 | 文件系统检查选项，0 表示不作检查 |
- 挂载选项说明
    + user 表示允许普通用户挂载设备和磁盘分区，nouser 表示只允许 root 用户挂载。
      nouser 是缺省选项，主要在于防止新用户的越权行为。
    + exec 是缺省选项，允许执行被设为 exec 分区上的二进制文件，而 noexec 选项却不允许
      这样做。
    + ro 表示以只读方式挂载， rw 表示以可读可写方式挂载。
    + defaults 选项等价于 rw,suid,dev,exec,auto,nouser,async 。
- 当前环境中没有对分区 /dev/sdb1 实现自动挂载，下面通过修改 /etc/fstab 文件实现。

## 在 VM 虚拟机 ubuntu 14.04 上实现开机自挂载
- 通过设备名实现自挂载
  在 /etc/fstab 文件末尾添加下列内容:
  ```shell
    /dev/sdb1   /newdev ext4 defaults 1 2
  ```
  开机自启后通过 df 命令查看是否挂载成功。
- 通过 UUID 实现自挂载
  在 /etc/fstab 文件末尾添加下列内容:
  ```shell
    UUID=15f75199-ba75-47a9-9bd8-06e3c8f30b63   /newdev ext4 defaults 1 2
  ```
  使用这种方法在测试时，启动系统挂载 /newdev 时出现错误。
  
 